
Relocation Section:  .rela.dyn
        type                          offset     addend  section        with respect to
        R_X86_64_RELATIVE           0x116120   0x116120  .rela.dyn      
        R_X86_64_RELATIVE           0x116128   0x1183d0  .rela.dyn      
        R_X86_64_RELATIVE           0x116140    0x1541f  .rela.dyn      
        R_X86_64_RELATIVE           0x116148    0x15428  .rela.dyn      
        R_X86_64_RELATIVE           0x116150    0x15440  .rela.dyn      
        R_X86_64_RELATIVE           0x116158    0x15451  .rela.dyn      
        R_X86_64_RELATIVE           0x116160    0x15550  .rela.dyn      
        R_X86_64_RELATIVE           0x116168    0x15570  .rela.dyn      
        R_X86_64_RELATIVE           0x116170    0x15464  .rela.dyn      
        R_X86_64_RELATIVE           0x116178    0x1546e  .rela.dyn      
        R_X86_64_RELATIVE           0x116180    0x1548a  .rela.dyn      
        R_X86_64_RELATIVE           0x116188    0x154a8  .rela.dyn      
        R_X86_64_RELATIVE           0x116190    0x154c5  .rela.dyn      
        R_X86_64_RELATIVE           0x116198    0x154d9  .rela.dyn      
        R_X86_64_RELATIVE           0x1161a0    0x154f4  .rela.dyn      
        R_X86_64_RELATIVE           0x1161a8    0x1550e  .rela.dyn      
        R_X86_64_RELATIVE           0x1161b0    0x15524  .rela.dyn      
        R_X86_64_RELATIVE           0x1161b8    0x1553c  .rela.dyn      
        R_X86_64_RELATIVE           0x1161c0     0xece0  .rela.dyn      
        R_X86_64_RELATIVE           0x1161c8     0xec30  .rela.dyn      
        R_X86_64_RELATIVE           0x1161d0     0xeb00  .rela.dyn      
        R_X86_64_RELATIVE           0x1161d8     0xe9b0  .rela.dyn      
        R_X86_64_RELATIVE           0x1161e0     0xd120  .rela.dyn      
        R_X86_64_RELATIVE           0x1161e8     0xd120  .rela.dyn      
        R_X86_64_RELATIVE           0x1161f0     0xd120  .rela.dyn      
        R_X86_64_RELATIVE           0x1161f8     0xd120  .rela.dyn      
        R_X86_64_RELATIVE           0x116200     0x8d70  .rela.dyn      
        R_X86_64_RELATIVE           0x116208    0x13ac0  .rela.dyn      
        R_X86_64_RELATIVE           0x116210     0x8e70  .rela.dyn      
        R_X86_64_RELATIVE           0x116218    0x11a30  .rela.dyn      
        R_X86_64_RELATIVE           0x116220     0x9070  .rela.dyn      
        R_X86_64_RELATIVE           0x116228    0x13960  .rela.dyn      
        R_X86_64_RELATIVE           0x116230     0x9160  .rela.dyn      
        R_X86_64_RELATIVE           0x116238    0x117f0  .rela.dyn      
        R_X86_64_RELATIVE           0x116240     0xe4e0  .rela.dyn      
        R_X86_64_RELATIVE           0x116248    0x13480  .rela.dyn      
        R_X86_64_RELATIVE           0x116250     0xddf0  .rela.dyn      
        R_X86_64_RELATIVE           0x116258    0x110b0  .rela.dyn      
        R_X86_64_RELATIVE           0x116260     0xdd80  .rela.dyn      
        R_X86_64_RELATIVE           0x116268     0xdd10  .rela.dyn      
        R_X86_64_RELATIVE           0x116270     0xdd80  .rela.dyn      
        R_X86_64_RELATIVE           0x116278     0xdd10  .rela.dyn      
        R_X86_64_RELATIVE           0x116280     0xdbe0  .rela.dyn      
        R_X86_64_RELATIVE           0x116288     0xda90  .rela.dyn      
        R_X86_64_RELATIVE           0x116290     0xdbe0  .rela.dyn      
        R_X86_64_RELATIVE           0x116298     0xda90  .rela.dyn      
        R_X86_64_RELATIVE           0x1162a0     0x9340  .rela.dyn      
        R_X86_64_RELATIVE           0x1162a8    0x13170  .rela.dyn      
        R_X86_64_RELATIVE           0x1162b0     0x95d0  .rela.dyn      
        R_X86_64_RELATIVE           0x1162b8    0x10cf0  .rela.dyn      
        R_X86_64_RELATIVE           0x1162e0     0xcd80  .rela.dyn      
        R_X86_64_RELATIVE           0x1162e8     0xcf30  .rela.dyn      
        R_X86_64_RELATIVE           0x1162f0     0xcd80  .rela.dyn      
        R_X86_64_RELATIVE           0x1162f8     0xcf30  .rela.dyn      
        R_X86_64_RELATIVE           0x116300     0xd9e0  .rela.dyn      
        R_X86_64_RELATIVE           0x116308     0xd930  .rela.dyn      
        R_X86_64_RELATIVE           0x116310     0xd800  .rela.dyn      
        R_X86_64_RELATIVE           0x116318     0xd6b0  .rela.dyn      
        R_X86_64_RELATIVE           0x116320     0x9920  .rela.dyn      
        R_X86_64_RELATIVE           0x116328    0x12cc0  .rela.dyn      
        R_X86_64_RELATIVE           0x116330     0x9d00  .rela.dyn      
        R_X86_64_RELATIVE           0x116338    0x10500  .rela.dyn      
        R_X86_64_RELATIVE           0x116340     0xa3e0  .rela.dyn      
        R_X86_64_RELATIVE           0x116348    0x12b80  .rela.dyn      
        R_X86_64_RELATIVE           0x116350     0xa4d0  .rela.dyn      
        R_X86_64_RELATIVE           0x116358    0x102c0  .rela.dyn      
        R_X86_64_RELATIVE           0x116360     0xa6c0  .rela.dyn      
        R_X86_64_RELATIVE           0x116368    0x129d0  .rela.dyn      
        R_X86_64_RELATIVE           0x116370     0xa810  .rela.dyn      
        R_X86_64_RELATIVE           0x116378     0xff80  .rela.dyn      
        R_X86_64_RELATIVE           0x116380     0xaae0  .rela.dyn      
        R_X86_64_RELATIVE           0x116388    0x12420  .rela.dyn      
        R_X86_64_RELATIVE           0x116390     0xaf70  .rela.dyn      
        R_X86_64_RELATIVE           0x116398     0xf680  .rela.dyn      
        R_X86_64_RELATIVE           0x1163a0     0xd600  .rela.dyn      
        R_X86_64_RELATIVE           0x1163a8     0xd550  .rela.dyn      
        R_X86_64_RELATIVE           0x1163b0     0xd600  .rela.dyn      
        R_X86_64_RELATIVE           0x1163b8     0xd550  .rela.dyn      
        R_X86_64_RELATIVE           0x1163e0     0xb700  .rela.dyn      
        R_X86_64_RELATIVE           0x1163e8    0x12350  .rela.dyn      
        R_X86_64_RELATIVE           0x1163f0     0xb770  .rela.dyn      
        R_X86_64_RELATIVE           0x1163f8     0xf5b0  .rela.dyn      
        R_X86_64_RELATIVE           0x116400     0xb7e0  .rela.dyn      
        R_X86_64_RELATIVE           0x116408    0x12140  .rela.dyn      
        R_X86_64_RELATIVE           0x116410     0xb990  .rela.dyn      
        R_X86_64_RELATIVE           0x116418     0xf240  .rela.dyn      
        R_X86_64_RELATIVE           0x116420     0xbc90  .rela.dyn      
        R_X86_64_RELATIVE           0x116428    0x11eb0  .rela.dyn      
        R_X86_64_RELATIVE           0x116430     0xbeb0  .rela.dyn      
        R_X86_64_RELATIVE           0x116438     0xefb0  .rela.dyn      
        R_X86_64_RELATIVE           0x116440     0xc0d0  .rela.dyn      
        R_X86_64_RELATIVE           0x116448    0x11c90  .rela.dyn      
        R_X86_64_RELATIVE           0x116450     0xc290  .rela.dyn      
        R_X86_64_RELATIVE           0x116458     0xed90  .rela.dyn      
        R_X86_64_RELATIVE           0x116460     0xd490  .rela.dyn      
        R_X86_64_RELATIVE           0x116468     0xd3d0  .rela.dyn      
        R_X86_64_RELATIVE           0x116470     0xd490  .rela.dyn      
        R_X86_64_RELATIVE           0x116478     0xd3d0  .rela.dyn      
        R_X86_64_RELATIVE           0x116490     0xd2a0  .rela.dyn      
        R_X86_64_RELATIVE           0x116498     0xd150  .rela.dyn      
        R_X86_64_RELATIVE           0x1164a0     0xd540  .rela.dyn      
        R_X86_64_RELATIVE           0x1164a8     0xd480  .rela.dyn      
        R_X86_64_RELATIVE           0x1164b0     0xc840  .rela.dyn      
        R_X86_64_RELATIVE           0x1164b8     0xc450  .rela.dyn      
        R_X86_64_RELATIVE           0x118538   0x1164c0  .rela.dyn      
        R_X86_64_RELATIVE           0x118548   0x116140  .rela.dyn      
        R_X86_64_GLOB_DAT           0x118520          0  .rela.dyn      __cxa_finalize
        R_X86_64_GLOB_DAT           0x118528          0  .rela.dyn      __stack_chk_guard
        R_X86_64_GLOB_DAT           0x118530          0  .rela.dyn      elf64_fsize
        R_X86_64_GLOB_DAT           0x118540          0  .rela.dyn      elf32_fsize
        R_X86_64_GLOB_DAT           0x118550          0  .rela.dyn      _Jv_RegisterClasses

Relocation Section:  .rela.plt
        type                          offset     addend  section        with respect to
        R_X86_64_JMP_SLOT           0x1183f8          0  .rela.plt      write
        R_X86_64_JMP_SLOT           0x118400          0  .rela.plt      elf_flagscn
        R_X86_64_JMP_SLOT           0x118408          0  .rela.plt      elf_rawdata
        R_X86_64_JMP_SLOT           0x118410          0  .rela.plt      elf_flagelf
        R_X86_64_JMP_SLOT           0x118418          0  .rela.plt      strlcat
        R_X86_64_JMP_SLOT           0x118420          0  .rela.plt      gelf_getehdr
        R_X86_64_JMP_SLOT           0x118428          0  .rela.plt      __cxa_finalize
        R_X86_64_JMP_SLOT           0x118430          0  .rela.plt      elf_hash
        R_X86_64_JMP_SLOT           0x118438          0  .rela.plt      strerror
        R_X86_64_JMP_SLOT           0x118440          0  .rela.plt      gelf_fsize
        R_X86_64_JMP_SLOT           0x118448          0  .rela.plt      elf_flagshdr
        R_X86_64_JMP_SLOT           0x118450          0  .rela.plt      gelf_getsym
        R_X86_64_JMP_SLOT           0x118458          0  .rela.plt      munmap
        R_X86_64_JMP_SLOT           0x118460          0  .rela.plt      strncpy
        R_X86_64_JMP_SLOT           0x118468          0  .rela.plt      elf_getscn
        R_X86_64_JMP_SLOT           0x118470          0  .rela.plt      memset
        R_X86_64_JMP_SLOT           0x118478          0  .rela.plt      elf_getdata
        R_X86_64_JMP_SLOT           0x118480          0  .rela.plt      mmap
        R_X86_64_JMP_SLOT           0x118488          0  .rela.plt      __error
        R_X86_64_JMP_SLOT           0x118490          0  .rela.plt      __assert
        R_X86_64_JMP_SLOT           0x118498          0  .rela.plt      lseek
        R_X86_64_JMP_SLOT           0x1184a0          0  .rela.plt      elf64_fsize
        R_X86_64_JMP_SLOT           0x1184a8          0  .rela.plt      ftruncate
        R_X86_64_JMP_SLOT           0x1184b0          0  .rela.plt      calloc
        R_X86_64_JMP_SLOT           0x1184b8          0  .rela.plt      elf_end
        R_X86_64_JMP_SLOT           0x1184c0          0  .rela.plt      elf32_fsize
        R_X86_64_JMP_SLOT           0x1184c8          0  .rela.plt      gelf_getshdr
        R_X86_64_JMP_SLOT           0x1184d0          0  .rela.plt      gelf_update_sym
        R_X86_64_JMP_SLOT           0x1184d8          0  .rela.plt      malloc
        R_X86_64_JMP_SLOT           0x1184e0          0  .rela.plt      memcpy
        R_X86_64_JMP_SLOT           0x1184e8          0  .rela.plt      free
        R_X86_64_JMP_SLOT           0x1184f0          0  .rela.plt      elf_flagphdr
        R_X86_64_JMP_SLOT           0x1184f8          0  .rela.plt      __stack_chk_fail
        R_X86_64_JMP_SLOT           0x118500          0  .rela.plt      elf_memory
        R_X86_64_JMP_SLOT           0x118508          0  .rela.plt      elf_flagehdr
        R_X86_64_JMP_SLOT           0x118510          0  .rela.plt      fstat
        R_X86_64_JMP_SLOT           0x118518          0  .rela.plt      strlcpy
